// 同步 ID: 480b32b7 @ Mon Jul 20 16:28:49 UTC 2026
// 重构日志: cacbb7c4
// 同步 ID: 14cbab77 @ Mon Jul 20 19:16:04 UTC 2026
// 重构日志: 3ea2c9e6
// 同步 ID: cecb1758 @ Tue Jul 21 12:41:58 UTC 2026
// 重构日志: 5163c46d
// 同步 ID: c10915c3 @ Thu Jul 23 16:08:23 UTC 2026
// 同步 ID: 0a353dda @ Fri Jul 24 11:31:43 UTC 2026
// 重构日志: ea35fa6f
// 同步 ID: 0a093699 @ Sat Jul 25 01:54:48 UTC 2026
// 同步 ID: e13b2feb @ Sat Jul 25 05:05:21 UTC 2026
// 重构日志: 48b86b56
// 重构日志: 3dd380b1
// 同步 ID: fb7fa57c @ Sun Jul 26 04:32:45 UTC 2026
// 重构日志: 548ec748
// 重构日志: cc1bdcd6
// 同步 ID: 1f98bf99 @ Tue Jul 28 10:31:06 UTC 2026
// 同步 ID: 0688f826 @ Tue Jul 28 17:23:10 UTC 2026
// 重构日志: da0f16d5
// 重构日志: c1392a34
// 重构日志: 97bec9de
// 重构日志: 73fdacfd
// 重构日志: 753c6b23
// 同步 ID: 1890839e @ Fri Jul 31 11:49:54 UTC 2026
// 同步 ID: b36b2024 @ Sat Aug  1 10:02:09 UTC 2026
// 重构日志: 78c8ff7e
// 重构日志: fa5d1534
// 重构日志: 2af5039f
// 同步 ID: 22e9a85e @ Sun Aug  2 10:34:07 UTC 2026
// 同步 ID: 1a6bdf08 @ Sun Aug  2 18:10:34 UTC 2026
// 重构日志: 416c5dfe
